---
source: tests/terminal_override.rs
info:
  program: handlr
  args:
    - "--force-terminal-output=false"
    - "-vvv"
    - "--disable-notifications"
    - mime
    - "./assets"
---
success: true
exit_code: 0
----- stdout -----
path    	mime                  
./assets	application/x-zerosize

----- stderr -----
[2m[TIMESTAMP][0m [34mDEBUG[0m [2mhandlr[0m[2m:[0m Interactive terminal detected: false
[2m[TIMESTAMP][0m [32m INFO[0m [2mhandlr::common::path[0m[2m:[0m Printing mime information for paths: ["./assets"]
[2m[TIMESTAMP][0m [34mDEBUG[0m [2mhandlr::common::path[0m[2m:[0m JSON output: false
[2m[TIMESTAMP][0m [32m INFO[0m [2mhandlr::common::path[0m[2m:[0m Finished printing mime information
